I'm sorry, but errors were detected in your script. Please correct the
errors listed below, and try again.


File "game/days/day1.rpy", line 191: Line is indented, but the preceding play music statement statement does not expect a block. Please check this line's indentation.
    $ first_met = "Nagisa"
    ^

Ren'Py Version: Ren'Py 6.99.13.2919
